/Users/air/Documents/Project/TenetApp/tenantBackEnd/src/main/java/com/demo/tenant/dao/TenantsRepo.java
/Users/air/Documents/Project/TenetApp/tenantBackEnd/src/main/java/com/demo/tenant/modal/Tenants.java
/Users/air/Documents/Project/TenetApp/tenantBackEnd/src/main/java/com/demo/tenant/Scheduler/ScheduledService.java
/Users/air/Documents/Project/TenetApp/tenantBackEnd/src/main/java/com/demo/tenant/service/UserServiceImpl.java
/Users/air/Documents/Project/TenetApp/tenantBackEnd/src/main/java/com/demo/tenant/modal/Admins.java
/Users/air/Documents/Project/TenetApp/tenantBackEnd/src/main/java/com/demo/tenant/controller/UserController.java
/Users/air/Documents/Project/TenetApp/tenantBackEnd/src/main/java/com/demo/tenant/service/UserServiveI.java
/Users/air/Documents/Project/TenetApp/tenantBackEnd/src/main/java/com/demo/tenant/dao/AdminRepo.java
/Users/air/Documents/Project/TenetApp/tenantBackEnd/src/main/java/com/demo/tenant/dto/UserCred.java
/Users/air/Documents/Project/TenetApp/tenantBackEnd/src/main/java/com/demo/tenant/controller/AdminController.java
/Users/air/Documents/Project/TenetApp/tenantBackEnd/src/main/java/com/demo/tenant/dto/TenantData.java
/Users/air/Documents/Project/TenetApp/tenantBackEnd/src/main/java/com/demo/tenant/TenantApplication.java
/Users/air/Documents/Project/TenetApp/tenantBackEnd/src/main/java/com/demo/tenant/dto/UsernameRequest.java
/Users/air/Documents/Project/TenetApp/tenantBackEnd/src/main/java/com/demo/tenant/service/AdminServiceI.java
/Users/air/Documents/Project/TenetApp/tenantBackEnd/src/main/java/com/demo/tenant/service/AdminServiceImpl.java
